src/components/dashboard-v2/share/ShareDialog.tsx(42,15): error TS2345: Argument of type '{ title: string; }' is not assignable to parameter of type 'string'.
src/components/dashboard-v2/share/ShareDialog.tsx(47,15): error TS2345: Argument of type '{ title: string; }' is not assignable to parameter of type 'string'.
src/components/dashboard-v2/share/ShareDialog.tsx(51,13): error TS2345: Argument of type '{ title: string; variant: string; }' is not assignable to parameter of type 'string'.
src/components/dashboard-v2/share/ShareDialog.tsx(61,11): error TS2345: Argument of type '{ title: string; }' is not assignable to parameter of type 'string'.
